// Jest Snapshot v1, https://goo.gl/fbAQLP

exports[`Menubar -> Component Match snapshot 1`] = `
<nav>
  <div
    className="nav-wrapper"
  >
    <span
      className="band-logo right"
    >
      User name
    </span>
    <ul
      className="left"
    >
      <li>
        <a
          href="/"
          onClick={[Function]}
        >
          Home Page
        </a>
      </li>
      <li>
        <a
          href="/admin"
          onClick={[Function]}
        >
          Admin Page
        </a>
      </li>
    </ul>
  </div>
</nav>
`;
